benchmark:XXX 
XXX 
clamp_a1 
XXX 
benchmark:XXX 
XXX 
clamp_a1 
XXX 
clamp_b1 
XXX 
benchmark:XXX 
XXX 
clamp_a3 
XXX 
clamp_b3 
XXX 
benchmark:XXX 
XXX 
clamp_a4 
XXX 
clamp_b4 
XXX 
