 user system total real 
bench9000micro XXX XXX XXX (XXX) 
