Warming up -------------------------------------- 
 benchmark:XXX XXX i/100ms 
 clamp_a1 XXX i/100ms 
 benchmark:XXX XXX i/100ms 
 clamp_a1 XXX i/100ms 
 clamp_b1 XXX i/100ms 
 benchmark:XXX XXX i/100ms 
 clamp_a3 XXX i/100ms 
 clamp_b3 XXX i/100ms 
 benchmark:XXX XXX i/100ms 
 clamp_a4 XXX i/100ms 
 clamp_b4 XXX i/100ms 
 benchmark:XXX XXX i/100ms 
 clamp_a1 XXX i/100ms 
 benchmark:XXX XXX i/100ms 
 clamp_a1 XXX i/100ms 
 clamp_b1 XXX i/100ms 
 benchmark:XXX XXX i/100ms 
 clamp_a3 XXX i/100ms 
 clamp_b3 XXX i/100ms 
 benchmark:XXX XXX i/100ms 
 clamp_a4 XXX i/100ms 
 clamp_b4 XXX i/100ms 
 benchmark:XXX XXX i/100ms 
 clamp_a1 XXX i/100ms 
 benchmark:XXX XXX i/100ms 
 clamp_a1 XXX i/100ms 
 clamp_b1 XXX i/100ms 
 benchmark:XXX XXX i/100ms 
 clamp_a3 XXX i/100ms 
 clamp_b3 XXX i/100ms 
 benchmark:XXX XXX i/100ms 
 clamp_a4 XXX i/100ms 
 clamp_b4 XXX i/100ms 
Calculating ------------------------------------- 
 benchmark:XXX XXX (XXX%) i/s - XXX 
 clamp_a1 XXX (XXX%) i/s - XXX 
 benchmark:XXX XXX (XXX%) i/s - XXX 
 clamp_a1 XXX (XXX%) i/s - XXX 
 clamp_b1 XXX (XXX%) i/s - XXX 
 benchmark:XXX XXX (XXX%) i/s - XXX 
 clamp_a3 XXX (XXX%) i/s - XXX 
 clamp_b3 XXX (XXX%) i/s - XXX 
 benchmark:XXX XXX (XXX%) i/s - XXX 
 clamp_a4 XXX (XXX%) i/s - XXX 
 clamp_b4 XXX (XXX%) i/s - XXX 
 benchmark:XXX XXX (XXX%) i/s - XXX 
 clamp_a1 XXX (XXX%) i/s - XXX 
 benchmark:XXX XXX (XXX%) i/s - XXX 
 clamp_a1 XXX (XXX%) i/s - XXX 
 clamp_b1 XXX (XXX%) i/s - XXX 
 benchmark:XXX XXX (XXX%) i/s - XXX 
 clamp_a3 XXX (XXX%) i/s - XXX 
 clamp_b3 XXX (XXX%) i/s - XXX 
 benchmark:XXX XXX (XXX%) i/s - XXX 
 clamp_a4 XXX (XXX%) i/s - XXX 
 clamp_b4 XXX (XXX%) i/s - XXX 
 benchmark:XXX XXX (XXX%) i/s - XXX 
 clamp_a1 XXX (XXX%) i/s - XXX 
 benchmark:XXX XXX (XXX%) i/s - XXX 
 clamp_a1 XXX (XXX%) i/s - XXX 
 clamp_b1 XXX (XXX%) i/s - XXX 
 benchmark:XXX XXX (XXX%) i/s - XXX 
 clamp_a3 XXX (XXX%) i/s - XXX 
 clamp_b3 XXX (XXX%) i/s - XXX 
 benchmark:XXX XXX (XXX%) i/s - XXX 
 clamp_a4 XXX (XXX%) i/s - XXX 
 clamp_b4 XXX (XXX%) i/s - XXX 
 
Comparison: 
 XXX
 
