Warming up -------------------------------------- 
 bench9000 XXX i/100ms 
 bench9000 XXX i/100ms 
 bench9000 XXX i/100ms 
Calculating ------------------------------------- 
 bench9000 XXX (XXX%) i/s - XXX 
 bench9000 XXX (XXX%) i/s - XXX 
 bench9000 XXX (XXX%) i/s - XXX 
