 user system total real 
bench9000 XXX XXX XXX (XXX) 
