This benchmark set contains blocks that want a number of iterations - running all iterations XXX times 
These are long benchmarks - we're increasing warmup and sample time 
Warming up -------------------------------------- 
 bips:XXX XXX i/100ms 
 clamp_a1 XXX i/100ms 
 clamp_b1 XXX i/100ms 
 clamp_a2 XXX i/100ms 
 clamp_a3 XXX i/100ms 
 bips:XXX XXX i/100ms 
 clamp_a1 XXX i/100ms 
 clamp_b1 XXX i/100ms 
 clamp_a2 XXX i/100ms 
 clamp_a3 XXX i/100ms 
 bips:XXX XXX i/100ms 
 clamp_a1 XXX i/100ms 
 clamp_b1 XXX i/100ms 
 clamp_a2 XXX i/100ms 
 clamp_a3 XXX i/100ms 
Calculating ------------------------------------- 
 bips:XXX XXX (XXX%) i/s - XXX 
 clamp_a1 XXX (XXX%) i/s - XXX 
 clamp_b1 XXX (XXX%) i/s - XXX 
 clamp_a2 XXX (XXX%) i/s - XXX 
 clamp_a3 XXX (XXX%) i/s - XXX 
 bips:XXX XXX (XXX%) i/s - XXX 
 clamp_a1 XXX (XXX%) i/s - XXX 
 clamp_b1 XXX (XXX%) i/s - XXX 
 clamp_a2 XXX (XXX%) i/s - XXX 
 clamp_a3 XXX (XXX%) i/s - XXX 
 bips:XXX XXX (XXX%) i/s - XXX 
 clamp_a1 XXX (XXX%) i/s - XXX 
 clamp_b1 XXX (XXX%) i/s - XXX 
 clamp_a2 XXX (XXX%) i/s - XXX 
 clamp_a3 XXX (XXX%) i/s - XXX 
 
Comparison: 
 XXX
 
