This benchmark set contains blocks that want a number of iterations - running all iterations XXX times 
bips:XXX 
XXX 
clamp_a1 
XXX 
clamp_b1 
XXX 
clamp_a2 
XXX 
clamp_a3 
XXX 
