 user system total real 
interface:XXX XXX XXX XXX (XXX) 
clamp_a XXX XXX XXX (XXX) 
clamp_b XXX XXX XXX (XXX) 
