 user system total real 
sleep XXX XXX XXX (XXX) 
