These are long benchmarks - we're increasing warmup and sample time 
Warming up -------------------------------------- 
 sleep XXX i/100ms 
 sleep XXX i/100ms 
 sleep XXX i/100ms 
Calculating ------------------------------------- 
 sleep XXX (XXX%) i/s - XXX 
 sleep XXX (XXX%) i/s - XXX 
 sleep XXX (XXX%) i/s - XXX 
