These are long benchmarks - we're increasing warmup and sample time 
Warming up -------------------------------------- 
 mri XXX i/100ms 
 mri XXX i/100ms 
 mri XXX i/100ms 
Calculating ------------------------------------- 
 mri XXX (XXX%) i/s - XXX 
 mri XXX (XXX%) i/s - XXX 
 mri XXX (XXX%) i/s - XXX 
