This benchmark set contains blocks that want a number of iterations - running all iterations XXX times 
clamp_a 
XXX 
clamp_b 
XXX 
