 user system total real 
clamp_a1 XXX XXX XXX (XXX) 
clamp_b1 XXX XXX XXX (XXX) 
clamp2-clamp_a2-one XXX XXX XXX (XXX) 
clamp2-clamp_a2-two XXX XXX XXX (XXX) 
clamp2-clamp_b2-one XXX XXX XXX (XXX) 
clamp2-clamp_b2-two XXX XXX XXX (XXX) 
