clamp_a1 
XXX 
clamp_b1 
XXX 
clamp2-clamp_a2-one 
XXX 
clamp2-clamp_a2-two 
XXX 
clamp2-clamp_b2-one 
XXX 
clamp2-clamp_b2-two 
XXX 
