Warming up -------------------------------------- 
 clamp_a1 XXX i/100ms 
 clamp_b1 XXX i/100ms 
 clamp2-clamp_a2-one XXX i/100ms 
 clamp2-clamp_a2-two XXX i/100ms 
 clamp2-clamp_b2-one XXX i/100ms 
 clamp2-clamp_b2-two XXX i/100ms 
 clamp_a1 XXX i/100ms 
 clamp_b1 XXX i/100ms 
 clamp2-clamp_a2-one XXX i/100ms 
 clamp2-clamp_a2-two XXX i/100ms 
 clamp2-clamp_b2-one XXX i/100ms 
 clamp2-clamp_b2-two XXX i/100ms 
 clamp_a1 XXX i/100ms 
 clamp_b1 XXX i/100ms 
 clamp2-clamp_a2-one XXX i/100ms 
 clamp2-clamp_a2-two XXX i/100ms 
 clamp2-clamp_b2-one XXX i/100ms 
 clamp2-clamp_b2-two XXX i/100ms 
Calculating ------------------------------------- 
 clamp_a1 XXX (XXX%) i/s - XXX 
 clamp_b1 XXX (XXX%) i/s - XXX 
 clamp2-clamp_a2-one XXX (XXX%) i/s - XXX 
 clamp2-clamp_a2-two XXX (XXX%) i/s - XXX 
 clamp2-clamp_b2-one XXX (XXX%) i/s - XXX 
 clamp2-clamp_b2-two XXX (XXX%) i/s - XXX 
 clamp_a1 XXX (XXX%) i/s - XXX 
 clamp_b1 XXX (XXX%) i/s - XXX 
 clamp2-clamp_a2-one XXX (XXX%) i/s - XXX 
 clamp2-clamp_a2-two XXX (XXX%) i/s - XXX 
 clamp2-clamp_b2-one XXX (XXX%) i/s - XXX 
 clamp2-clamp_b2-two XXX (XXX%) i/s - XXX 
 clamp_a1 XXX (XXX%) i/s - XXX 
 clamp_b1 XXX (XXX%) i/s - XXX 
 clamp2-clamp_a2-one XXX (XXX%) i/s - XXX 
 clamp2-clamp_a2-two XXX (XXX%) i/s - XXX 
 clamp2-clamp_b2-one XXX (XXX%) i/s - XXX 
 clamp2-clamp_b2-two XXX (XXX%) i/s - XXX 
 
Comparison: 
 XXX
 
