 user system total real 
mul XXX XXX XXX (XXX) 
pow XXX XXX XXX (XXX) 
